---
source: tests/compile.rs
expression: "compile_text(&mut vm, src)"
---
; proto main: nparams=0 has_rest=false window=3 consts=1 upvals=0 protos=0
0000  LOADI       r1, 1
0001  GETGLOBAL   r2, k0                ; x
0002  SETGLOBAL   r1, k0                ; x
0003  LOADIMM     r0, unspecified
0004  RETURN1     r0
