---
source: tests/compile.rs
expression: "compile_text(&mut vm, src)"
---
; proto main: nparams=0 has_rest=false window=3 consts=1 upvals=0 protos=0
0000  LOADK       r2, k0                ; #<pair>
0001  CAR         r1, r2
0002  LOADI       r2, 3
0003  NUMLT       r1, r2, 1             ; skip unless (< r1 r2)
0004  JMP         +2                    ; -> 0007
0005  LOADIMM     r0, #f
0006  JMP         +1                    ; -> 0008
0007  LOADIMM     r0, #t
0008  RETURN1     r0
